(agda2-status-action "")
(agda2-info-action "*Type-checking*" "" nil)
(agda2-highlight-clear)
(agda2-status-action "")
(agda2-info-action "*All Goals*" "?0 : f foo ≡ a " nil)
((last . 1) . (agda2-goals-action '(0)))
(agda2-info-action "*Error*" "1,1-5 (f foo) != a of type A when checking that the expression refl has type f foo ≡ a" nil)
(agda2-highlight-load-and-delete-action)
(agda2-status-action "")
