(agda2-status-action "")
(agda2-info-action "*Type-checking*" "" nil)
(agda2-highlight-clear)
(agda2-status-action "")
(agda2-info-action "*All Goals*" "?0 : a == b " nil)
((last . 1) . (agda2-goals-action '(0)))
(agda2-info-action "*Error*" "1,1-4 a != b of type A when checking that the expression idp has type a == b" nil)
(agda2-highlight-load-and-delete-action)
(agda2-status-action "")
